// Jest Snapshot v1, https://goo.gl/fbAQLP

exports[`CategorySlug should be rendered 1`] = `
<div>
  La cat√©gorie est : 
  TEST
</div>
`;
