// Jest Snapshot v1, https://goo.gl/fbAQLP

exports[`Header Header should be rendered 1`] = `
<div>
  <a
    href="/"
    onClick={[Function]}
  >
    Home
  </a>
</div>
`;
